Device: mps
Some weights of BertForSequenceClassification were not initialized from the model checkpoint at /Users/ishaanhanda/Desktop/Projects/spoilerDetect/models/base and are newly initialized: ['classifier.bias', 'classifier.weight']
You should probably TRAIN this model on a down-stream task to be able to use it for predictions and inference.
BEFORE {'accuracy': 0.275, 'precision': 0.275, 'recall': 1.0, 'f1': 0.43137254901960786, 'roc_auc': 0.5027937304075235, 'average_precision': 0.26849230485680814, 'brier_score': 0.25231145758474127, 'confusion_matrix': [[0, 725], [0, 275]]}
Epoch 1/2 step 25/500 loss=0.6939 elapsed=17s
Epoch 1/2 step 50/500 loss=0.6756 elapsed=22s
Epoch 1/2 step 75/500 loss=0.6410 elapsed=27s
Epoch 1/2 step 100/500 loss=0.6253 elapsed=32s
Epoch 1/2 step 125/500 loss=0.6190 elapsed=37s
Epoch 1/2 step 150/500 loss=0.6115 elapsed=42s
Epoch 1/2 step 175/500 loss=0.6056 elapsed=47s
Epoch 1/2 step 200/500 loss=0.5994 elapsed=52s
Epoch 1/2 step 225/500 loss=0.6006 elapsed=57s
Epoch 1/2 step 250/500 loss=0.5960 elapsed=62s
Epoch 1/2 step 275/500 loss=0.5932 elapsed=67s
Epoch 1/2 step 300/500 loss=0.5879 elapsed=72s
Epoch 1/2 step 325/500 loss=0.5854 elapsed=77s
Epoch 1/2 step 350/500 loss=0.5831 elapsed=83s
Epoch 1/2 step 375/500 loss=0.5811 elapsed=88s
Epoch 1/2 step 400/500 loss=0.5801 elapsed=93s
Epoch 1/2 step 425/500 loss=0.5777 elapsed=98s
Epoch 1/2 step 450/500 loss=0.5754 elapsed=103s
Epoch 1/2 step 475/500 loss=0.5746 elapsed=108s
Epoch 1/2 step 500/500 loss=0.5732 elapsed=113s
VALIDATION {'epoch': 1, 'mean_training_loss': 0.5731880185604096, 'validation': {'accuracy': 0.728, 'precision': 0.0, 'recall': 0.0, 'f1': 0.0, 'roc_auc': 0.690969416612799, 'average_precision': 0.434232914592029, 'brier_score': 0.1835254887219019, 'confusion_matrix': [[728, 0], [272, 0]]}}
Epoch 2/2 step 25/500 loss=0.5747 elapsed=120s
Epoch 2/2 step 50/500 loss=0.5605 elapsed=126s
Epoch 2/2 step 75/500 loss=0.5499 elapsed=131s
Epoch 2/2 step 100/500 loss=0.5439 elapsed=136s
Epoch 2/2 step 125/500 loss=0.5426 elapsed=141s
Epoch 2/2 step 150/500 loss=0.5361 elapsed=146s
Epoch 2/2 step 175/500 loss=0.5323 elapsed=151s
Epoch 2/2 step 200/500 loss=0.5264 elapsed=156s
Epoch 2/2 step 225/500 loss=0.5282 elapsed=161s
Epoch 2/2 step 250/500 loss=0.5226 elapsed=166s
Epoch 2/2 step 275/500 loss=0.5217 elapsed=171s
Epoch 2/2 step 300/500 loss=0.5169 elapsed=176s
Epoch 2/2 step 325/500 loss=0.5143 elapsed=181s
Epoch 2/2 step 350/500 loss=0.5111 elapsed=186s
Epoch 2/2 step 375/500 loss=0.5102 elapsed=192s
Epoch 2/2 step 400/500 loss=0.5115 elapsed=197s
Epoch 2/2 step 425/500 loss=0.5109 elapsed=202s
Epoch 2/2 step 450/500 loss=0.5104 elapsed=207s
Epoch 2/2 step 475/500 loss=0.5107 elapsed=212s
Epoch 2/2 step 500/500 loss=0.5091 elapsed=217s
VALIDATION {'epoch': 2, 'mean_training_loss': 0.5090665155351162, 'validation': {'accuracy': 0.727, 'precision': 0.4972375690607735, 'recall': 0.33088235294117646, 'f1': 0.3973509933774834, 'roc_auc': 0.7020594295410473, 'average_precision': 0.4802906933032791, 'brier_score': 0.1826887180614299, 'confusion_matrix': [[637, 91], [182, 90]]}}
AFTER {'accuracy': 0.774, 'precision': 0.6324324324324324, 'recall': 0.4254545454545455, 'f1': 0.508695652173913, 'roc_auc': 0.7782068965517243, 'average_precision': 0.6012994866955101, 'brier_score': 0.15937518055323988, 'confusion_matrix': [[657, 68], [158, 117]]}
Report: reports/FINETUNING_RESULTS.md
