Starting fresh from pretrained base checkpoint.
=== Epoch 1/3 starting, 27791 steps ===
Epoch 1/3 step 200/27791 loss=0.6946 elapsed=123s eta_this_epoch=281.8m
Epoch 1/3 step 400/27791 loss=0.6759 elapsed=245s eta_this_epoch=279.5m
Epoch 1/3 step 600/27791 loss=0.6450 elapsed=366s eta_this_epoch=276.6m
Epoch 1/3 step 800/27791 loss=0.6230 elapsed=488s eta_this_epoch=274.3m
Epoch 1/3 step 1000/27791 loss=0.6065 elapsed=608s eta_this_epoch=271.7m
Epoch 1/3 step 1200/27791 loss=0.5923 elapsed=729s eta_this_epoch=269.3m
Epoch 1/3 step 1400/27791 loss=0.5830 elapsed=852s eta_this_epoch=267.6m
Epoch 1/3 step 1600/27791 loss=0.5750 elapsed=972s eta_this_epoch=265.3m
Epoch 1/3 step 1800/27791 loss=0.5693 elapsed=1093s eta_this_epoch=263.1m
Epoch 1/3 step 2000/27791 loss=0.5642 elapsed=1215s eta_this_epoch=261.0m
Epoch 1/3 step 2200/27791 loss=0.5587 elapsed=1336s eta_this_epoch=259.0m
Epoch 1/3 step 2400/27791 loss=0.5546 elapsed=1457s eta_this_epoch=257.0m
Epoch 1/3 step 2600/27791 loss=0.5493 elapsed=2316s eta_this_epoch=374.0m
Epoch 1/3 step 2800/27791 loss=0.5467 elapsed=2545s eta_this_epoch=378.6m
Epoch 1/3 step 3000/27791 loss=0.5433 elapsed=3747s eta_this_epoch=516.0m
Epoch 1/3 step 3200/27791 loss=0.5392 elapsed=3940s eta_this_epoch=504.6m
Epoch 1/3 step 3400/27791 loss=0.5364 elapsed=4072s eta_this_epoch=486.9m
Epoch 1/3 step 3600/27791 loss=0.5333 elapsed=4196s eta_this_epoch=469.9m
Epoch 1/3 step 3800/27791 loss=0.5311 elapsed=4319s eta_this_epoch=454.5m
Epoch 1/3 step 4000/27791 loss=0.5293 elapsed=4442s eta_this_epoch=440.4m
Epoch 1/3 step 4200/27791 loss=0.5277 elapsed=4566s eta_this_epoch=427.4m
Epoch 1/3 step 4400/27791 loss=0.5251 elapsed=4689s eta_this_epoch=415.4m
Epoch 1/3 step 4600/27791 loss=0.5229 elapsed=4812s eta_this_epoch=404.4m
Epoch 1/3 step 4800/27791 loss=0.5216 elapsed=4936s eta_this_epoch=394.0m
Epoch 1/3 step 5000/27791 loss=0.5198 elapsed=5059s eta_this_epoch=384.3m
Epoch 1/3 step 5200/27791 loss=0.5176 elapsed=5182s eta_this_epoch=375.2m
Epoch 1/3 step 5400/27791 loss=0.5166 elapsed=5306s eta_this_epoch=366.7m
Epoch 1/3 step 5600/27791 loss=0.5158 elapsed=5429s eta_this_epoch=358.6m
Epoch 1/3 step 5800/27791 loss=0.5145 elapsed=5552s eta_this_epoch=350.9m
Epoch 1/3 step 6000/27791 loss=0.5139 elapsed=5675s eta_this_epoch=343.5m
Epoch 1/3 step 6200/27791 loss=0.5126 elapsed=5799s eta_this_epoch=336.6m
Epoch 1/3 step 6400/27791 loss=0.5117 elapsed=5922s eta_this_epoch=329.9m
Epoch 1/3 step 6600/27791 loss=0.5107 elapsed=6045s eta_this_epoch=323.5m
Epoch 1/3 step 6800/27791 loss=0.5101 elapsed=6169s eta_this_epoch=317.4m
Epoch 1/3 step 7000/27791 loss=0.5089 elapsed=6292s eta_this_epoch=311.5m
Epoch 1/3 step 7200/27791 loss=0.5080 elapsed=6415s eta_this_epoch=305.8m
Epoch 1/3 step 7400/27791 loss=0.5070 elapsed=6538s eta_this_epoch=300.3m
Epoch 1/3 step 7600/27791 loss=0.5057 elapsed=6662s eta_this_epoch=295.0m
Epoch 1/3 step 7800/27791 loss=0.5052 elapsed=6785s eta_this_epoch=289.8m
Epoch 1/3 step 8000/27791 loss=0.5044 elapsed=6909s eta_this_epoch=284.9m
Epoch 1/3 step 8200/27791 loss=0.5036 elapsed=7032s eta_this_epoch=280.0m
Epoch 1/3 step 8400/27791 loss=0.5027 elapsed=7156s eta_this_epoch=275.3m
Epoch 1/3 step 8600/27791 loss=0.5023 elapsed=7279s eta_this_epoch=270.7m
Epoch 1/3 step 8800/27791 loss=0.5015 elapsed=7402s eta_this_epoch=266.2m
Epoch 1/3 step 9000/27791 loss=0.5010 elapsed=7526s eta_this_epoch=261.9m
Epoch 1/3 step 9200/27791 loss=0.5005 elapsed=7649s eta_this_epoch=257.6m
Epoch 1/3 step 9400/27791 loss=0.4997 elapsed=7772s eta_this_epoch=253.4m
Epoch 1/3 step 9600/27791 loss=0.4992 elapsed=7896s eta_this_epoch=249.4m
Epoch 1/3 step 9800/27791 loss=0.4987 elapsed=8019s eta_this_epoch=245.4m
Epoch 1/3 step 10000/27791 loss=0.4979 elapsed=8143s eta_this_epoch=241.4m
Epoch 1/3 step 10200/27791 loss=0.4971 elapsed=8266s eta_this_epoch=237.6m
Epoch 1/3 step 10400/27791 loss=0.4962 elapsed=8390s eta_this_epoch=233.8m
Epoch 1/3 step 10600/27791 loss=0.4957 elapsed=8513s eta_this_epoch=230.1m
Epoch 1/3 step 10800/27791 loss=0.4954 elapsed=8636s eta_this_epoch=226.5m
Epoch 1/3 step 11000/27791 loss=0.4950 elapsed=8760s eta_this_epoch=222.9m
Epoch 1/3 step 11200/27791 loss=0.4945 elapsed=8883s eta_this_epoch=219.3m
Epoch 1/3 step 11400/27791 loss=0.4940 elapsed=9006s eta_this_epoch=215.8m
Epoch 1/3 step 11600/27791 loss=0.4935 elapsed=9130s eta_this_epoch=212.4m
Epoch 1/3 step 11800/27791 loss=0.4932 elapsed=9253s eta_this_epoch=209.0m
Epoch 1/3 step 12000/27791 loss=0.4930 elapsed=9377s eta_this_epoch=205.7m
Epoch 1/3 step 12200/27791 loss=0.4926 elapsed=9500s eta_this_epoch=202.3m
Epoch 1/3 step 12400/27791 loss=0.4922 elapsed=9624s eta_this_epoch=199.1m
Epoch 1/3 step 12600/27791 loss=0.4918 elapsed=9747s eta_this_epoch=195.9m
Epoch 1/3 step 12800/27791 loss=0.4912 elapsed=9871s eta_this_epoch=192.7m
Epoch 1/3 step 13000/27791 loss=0.4907 elapsed=9994s eta_this_epoch=189.5m
Epoch 1/3 step 13200/27791 loss=0.4901 elapsed=10117s eta_this_epoch=186.4m
Epoch 1/3 step 13400/27791 loss=0.4899 elapsed=10241s eta_this_epoch=183.3m
Epoch 1/3 step 13600/27791 loss=0.4897 elapsed=10364s eta_this_epoch=180.2m
Epoch 1/3 step 13800/27791 loss=0.4893 elapsed=10487s eta_this_epoch=177.2m
Epoch 1/3 step 14000/27791 loss=0.4890 elapsed=10611s eta_this_epoch=174.2m
Epoch 1/3 step 14200/27791 loss=0.4887 elapsed=10734s eta_this_epoch=171.2m
Epoch 1/3 step 14400/27791 loss=0.4883 elapsed=10858s eta_this_epoch=168.3m
Epoch 1/3 step 14600/27791 loss=0.4879 elapsed=10981s eta_this_epoch=165.4m
Epoch 1/3 step 14800/27791 loss=0.4874 elapsed=11104s eta_this_epoch=162.4m
Epoch 1/3 step 15000/27791 loss=0.4871 elapsed=11227s eta_this_epoch=159.6m
Epoch 1/3 step 15200/27791 loss=0.4866 elapsed=11351s eta_this_epoch=156.7m
Epoch 1/3 step 15400/27791 loss=0.4860 elapsed=11474s eta_this_epoch=153.9m
Epoch 1/3 step 15600/27791 loss=0.4856 elapsed=11597s eta_this_epoch=151.0m
Epoch 1/3 step 15800/27791 loss=0.4854 elapsed=11721s eta_this_epoch=148.3m
Epoch 1/3 step 16000/27791 loss=0.4853 elapsed=11844s eta_this_epoch=145.5m
Epoch 1/3 step 16200/27791 loss=0.4849 elapsed=11967s eta_this_epoch=142.7m
Epoch 1/3 step 16400/27791 loss=0.4846 elapsed=12091s eta_this_epoch=140.0m
Epoch 1/3 step 16600/27791 loss=0.4844 elapsed=12214s eta_this_epoch=137.2m
Epoch 1/3 step 16800/27791 loss=0.4841 elapsed=12337s eta_this_epoch=134.5m
Epoch 1/3 step 17000/27791 loss=0.4838 elapsed=12461s eta_this_epoch=131.8m
Epoch 1/3 step 17200/27791 loss=0.4835 elapsed=12584s eta_this_epoch=129.1m
Epoch 1/3 step 17400/27791 loss=0.4832 elapsed=12708s eta_this_epoch=126.5m
Epoch 1/3 step 17600/27791 loss=0.4830 elapsed=12831s eta_this_epoch=123.8m
Epoch 1/3 step 17800/27791 loss=0.4827 elapsed=12954s eta_this_epoch=121.2m
Epoch 1/3 step 18000/27791 loss=0.4822 elapsed=13078s eta_this_epoch=118.6m
Epoch 1/3 step 18200/27791 loss=0.4818 elapsed=13201s eta_this_epoch=115.9m
Epoch 1/3 step 18400/27791 loss=0.4815 elapsed=13324s eta_this_epoch=113.3m
Epoch 1/3 step 18600/27791 loss=0.4811 elapsed=13448s eta_this_epoch=110.8m
Epoch 1/3 step 18800/27791 loss=0.4810 elapsed=13571s eta_this_epoch=108.2m
Epoch 1/3 step 19000/27791 loss=0.4808 elapsed=13695s eta_this_epoch=105.6m
Epoch 1/3 step 19200/27791 loss=0.4803 elapsed=13818s eta_this_epoch=103.0m
Epoch 1/3 step 19400/27791 loss=0.4800 elapsed=13942s eta_this_epoch=100.5m
Epoch 1/3 step 19600/27791 loss=0.4797 elapsed=14065s eta_this_epoch=98.0m
Epoch 1/3 step 19800/27791 loss=0.4794 elapsed=14189s eta_this_epoch=95.4m
Epoch 1/3 step 20000/27791 loss=0.4794 elapsed=14312s eta_this_epoch=92.9m
Epoch 1/3 step 20200/27791 loss=0.4791 elapsed=14436s eta_this_epoch=90.4m
Epoch 1/3 step 20400/27791 loss=0.4789 elapsed=14559s eta_this_epoch=87.9m
Epoch 1/3 step 20600/27791 loss=0.4787 elapsed=14683s eta_this_epoch=85.4m
Epoch 1/3 step 20800/27791 loss=0.4784 elapsed=14806s eta_this_epoch=82.9m
Epoch 1/3 step 21000/27791 loss=0.4783 elapsed=14930s eta_this_epoch=80.5m
Epoch 1/3 step 21200/27791 loss=0.4780 elapsed=15053s eta_this_epoch=78.0m
Epoch 1/3 step 21400/27791 loss=0.4780 elapsed=15177s eta_this_epoch=75.5m
Epoch 1/3 step 21600/27791 loss=0.4775 elapsed=15300s eta_this_epoch=73.1m
Epoch 1/3 step 21800/27791 loss=0.4773 elapsed=15424s eta_this_epoch=70.6m
Epoch 1/3 step 22000/27791 loss=0.4772 elapsed=15547s eta_this_epoch=68.2m
Epoch 1/3 step 22200/27791 loss=0.4769 elapsed=15670s eta_this_epoch=65.8m
Epoch 1/3 step 22400/27791 loss=0.4766 elapsed=15794s eta_this_epoch=63.4m
Epoch 1/3 step 22600/27791 loss=0.4764 elapsed=15917s eta_this_epoch=60.9m
Epoch 1/3 step 22800/27791 loss=0.4763 elapsed=16041s eta_this_epoch=58.5m
Epoch 1/3 step 23000/27791 loss=0.4761 elapsed=16164s eta_this_epoch=56.1m
Epoch 1/3 step 23200/27791 loss=0.4759 elapsed=16288s eta_this_epoch=53.7m
Epoch 1/3 step 23400/27791 loss=0.4757 elapsed=16411s eta_this_epoch=51.3m
Epoch 1/3 step 23600/27791 loss=0.4756 elapsed=16535s eta_this_epoch=48.9m
Epoch 1/3 step 23800/27791 loss=0.4752 elapsed=16658s eta_this_epoch=46.6m
Epoch 1/3 step 24000/27791 loss=0.4750 elapsed=16782s eta_this_epoch=44.2m
Epoch 1/3 step 24200/27791 loss=0.4748 elapsed=16905s eta_this_epoch=41.8m
Epoch 1/3 step 24400/27791 loss=0.4746 elapsed=17029s eta_this_epoch=39.4m
Epoch 1/3 step 24600/27791 loss=0.4746 elapsed=17152s eta_this_epoch=37.1m
Epoch 1/3 step 24800/27791 loss=0.4744 elapsed=17275s eta_this_epoch=34.7m
Epoch 1/3 step 25000/27791 loss=0.4743 elapsed=17399s eta_this_epoch=32.4m
Epoch 1/3 step 25200/27791 loss=0.4741 elapsed=17522s eta_this_epoch=30.0m
Epoch 1/3 step 25400/27791 loss=0.4738 elapsed=17646s eta_this_epoch=27.7m
Epoch 1/3 step 25600/27791 loss=0.4737 elapsed=17769s eta_this_epoch=25.3m
Epoch 1/3 step 25800/27791 loss=0.4735 elapsed=17892s eta_this_epoch=23.0m
Epoch 1/3 step 26000/27791 loss=0.4734 elapsed=18016s eta_this_epoch=20.7m
Epoch 1/3 step 26200/27791 loss=0.4732 elapsed=18139s eta_this_epoch=18.4m
Epoch 1/3 step 26400/27791 loss=0.4729 elapsed=18262s eta_this_epoch=16.0m
Epoch 1/3 step 26600/27791 loss=0.4727 elapsed=18386s eta_this_epoch=13.7m
Epoch 1/3 step 26800/27791 loss=0.4724 elapsed=18509s eta_this_epoch=11.4m
Epoch 1/3 step 27000/27791 loss=0.4723 elapsed=18632s eta_this_epoch=9.1m
Epoch 1/3 step 27200/27791 loss=0.4722 elapsed=18756s eta_this_epoch=6.8m
Epoch 1/3 step 27400/27791 loss=0.4719 elapsed=18879s eta_this_epoch=4.5m
Epoch 1/3 step 27600/27791 loss=0.4719 elapsed=19003s eta_this_epoch=2.2m
Epoch 1/3 training done in 19121s, running validation...
Epoch 1/3 VALIDATION {'accuracy': 0.7919042546525471, 'precision': 0.6585214007782101, 'recall': 0.48749855974190576, 'f1': 0.5602489406779662, 'roc_auc': 0.8078919596430149, 'average_precision': 0.6431953558193483, 'brier_score': 0.1472003823650155, 'confusion_matrix': [[42090, 4388], [8896, 8462]]}
New best model saved to /Users/ishaanhanda/Desktop/Projects/spoilerDetect/models/minilm-full/best (f1=0.5602)
=== Epoch 1/3 complete and saved. Stopping (one epoch per invocation). ===
Resumed from checkpoint: 1 epoch(s) already completed, best_f1=0.5602
=== Epoch 2/3 starting, 27791 steps ===
Epoch 2/3 step 200/27791 loss=0.4361 elapsed=124s eta_this_epoch=285.0m
Epoch 2/3 step 400/27791 loss=0.4348 elapsed=247s eta_this_epoch=281.8m
Epoch 2/3 step 600/27791 loss=0.4394 elapsed=370s eta_this_epoch=279.3m
Epoch 2/3 step 800/27791 loss=0.4360 elapsed=493s eta_this_epoch=277.0m
Epoch 2/3 step 1000/27791 loss=0.4360 elapsed=615s eta_this_epoch=274.7m
Epoch 2/3 step 1200/27791 loss=0.4356 elapsed=738s eta_this_epoch=272.6m
Epoch 2/3 step 1400/27791 loss=0.4331 elapsed=861s eta_this_epoch=270.4m
Epoch 2/3 step 1600/27791 loss=0.4353 elapsed=983s eta_this_epoch=268.3m
Epoch 2/3 step 1800/27791 loss=0.4357 elapsed=1106s eta_this_epoch=266.2m
Epoch 2/3 step 2000/27791 loss=0.4364 elapsed=1229s eta_this_epoch=264.0m
Epoch 2/3 step 2200/27791 loss=0.4364 elapsed=1351s eta_this_epoch=261.9m
Epoch 2/3 step 2400/27791 loss=0.4370 elapsed=1474s eta_this_epoch=259.9m
Epoch 2/3 step 2600/27791 loss=0.4360 elapsed=1596s eta_this_epoch=257.8m
Epoch 2/3 step 2800/27791 loss=0.4374 elapsed=1719s eta_this_epoch=255.7m
Epoch 2/3 step 3000/27791 loss=0.4375 elapsed=1842s eta_this_epoch=253.7m
Epoch 2/3 step 3200/27791 loss=0.4373 elapsed=1965s eta_this_epoch=251.7m
Epoch 2/3 step 3400/27791 loss=0.4373 elapsed=2088s eta_this_epoch=249.6m
Epoch 2/3 step 3600/27791 loss=0.4361 elapsed=2211s eta_this_epoch=247.6m
Epoch 2/3 step 3800/27791 loss=0.4359 elapsed=2334s eta_this_epoch=245.5m
Epoch 2/3 step 4000/27791 loss=0.4357 elapsed=2456s eta_this_epoch=243.5m
Epoch 2/3 step 4200/27791 loss=0.4353 elapsed=2579s eta_this_epoch=241.4m
Epoch 2/3 step 4400/27791 loss=0.4356 elapsed=2702s eta_this_epoch=239.4m
Epoch 2/3 step 4600/27791 loss=0.4354 elapsed=2824s eta_this_epoch=237.3m
Epoch 2/3 step 4800/27791 loss=0.4360 elapsed=2947s eta_this_epoch=235.3m
Epoch 2/3 step 5000/27791 loss=0.4360 elapsed=3070s eta_this_epoch=233.2m
Epoch 2/3 step 5200/27791 loss=0.4361 elapsed=3192s eta_this_epoch=231.2m
Epoch 2/3 step 5400/27791 loss=0.4361 elapsed=3315s eta_this_epoch=229.1m
Epoch 2/3 step 5600/27791 loss=0.4362 elapsed=3438s eta_this_epoch=227.0m
Epoch 2/3 step 5800/27791 loss=0.4362 elapsed=3560s eta_this_epoch=225.0m
Epoch 2/3 step 6000/27791 loss=0.4361 elapsed=3683s eta_this_epoch=222.9m
Epoch 2/3 step 6200/27791 loss=0.4362 elapsed=3806s eta_this_epoch=220.9m
Epoch 2/3 step 6400/27791 loss=0.4361 elapsed=3928s eta_this_epoch=218.8m
Epoch 2/3 step 6600/27791 loss=0.4361 elapsed=4051s eta_this_epoch=216.8m
Epoch 2/3 step 6800/27791 loss=0.4364 elapsed=4174s eta_this_epoch=214.7m
Epoch 2/3 step 7000/27791 loss=0.4361 elapsed=4297s eta_this_epoch=212.7m
Epoch 2/3 step 7200/27791 loss=0.4354 elapsed=4421s eta_this_epoch=210.7m
Epoch 2/3 step 7400/27791 loss=0.4351 elapsed=4544s eta_this_epoch=208.7m
Epoch 2/3 step 7600/27791 loss=0.4353 elapsed=4667s eta_this_epoch=206.6m
Epoch 2/3 step 7800/27791 loss=0.4353 elapsed=4790s eta_this_epoch=204.6m
Epoch 2/3 step 8000/27791 loss=0.4349 elapsed=4912s eta_this_epoch=202.5m
Epoch 2/3 step 8200/27791 loss=0.4349 elapsed=5035s eta_this_epoch=200.5m
Epoch 2/3 step 8400/27791 loss=0.4348 elapsed=5158s eta_this_epoch=198.4m
Epoch 2/3 step 8600/27791 loss=0.4348 elapsed=5280s eta_this_epoch=196.4m
Epoch 2/3 step 8800/27791 loss=0.4345 elapsed=5403s eta_this_epoch=194.3m
Epoch 2/3 step 9000/27791 loss=0.4343 elapsed=5526s eta_this_epoch=192.3m
Epoch 2/3 step 9200/27791 loss=0.4345 elapsed=5648s eta_this_epoch=190.2m
Epoch 2/3 step 9400/27791 loss=0.4345 elapsed=5771s eta_this_epoch=188.2m
Epoch 2/3 step 9600/27791 loss=0.4345 elapsed=5894s eta_this_epoch=186.1m
Epoch 2/3 step 9800/27791 loss=0.4344 elapsed=6016s eta_this_epoch=184.1m
Epoch 2/3 step 10000/27791 loss=0.4341 elapsed=6139s eta_this_epoch=182.0m
Epoch 2/3 step 10200/27791 loss=0.4339 elapsed=6261s eta_this_epoch=180.0m
Epoch 2/3 step 10400/27791 loss=0.4336 elapsed=6384s eta_this_epoch=177.9m
Epoch 2/3 step 10600/27791 loss=0.4336 elapsed=6507s eta_this_epoch=175.9m
Epoch 2/3 step 10800/27791 loss=0.4334 elapsed=6629s eta_this_epoch=173.8m
Epoch 2/3 step 11000/27791 loss=0.4333 elapsed=6752s eta_this_epoch=171.8m
Epoch 2/3 step 11200/27791 loss=0.4330 elapsed=6875s eta_this_epoch=169.7m
Epoch 2/3 step 11400/27791 loss=0.4333 elapsed=6997s eta_this_epoch=167.7m
Epoch 2/3 step 11600/27791 loss=0.4332 elapsed=7120s eta_this_epoch=165.6m
Epoch 2/3 step 11800/27791 loss=0.4331 elapsed=7243s eta_this_epoch=163.6m
Epoch 2/3 step 12000/27791 loss=0.4327 elapsed=7366s eta_this_epoch=161.5m
Epoch 2/3 step 12200/27791 loss=0.4324 elapsed=7489s eta_this_epoch=159.5m
Epoch 2/3 step 12400/27791 loss=0.4326 elapsed=7612s eta_this_epoch=157.5m
Epoch 2/3 step 12600/27791 loss=0.4326 elapsed=7735s eta_this_epoch=155.4m
Epoch 2/3 step 12800/27791 loss=0.4326 elapsed=7857s eta_this_epoch=153.4m
Epoch 2/3 step 13000/27791 loss=0.4325 elapsed=7980s eta_this_epoch=151.3m
Epoch 2/3 step 13200/27791 loss=0.4327 elapsed=8103s eta_this_epoch=149.3m
Epoch 2/3 step 13400/27791 loss=0.4326 elapsed=8225s eta_this_epoch=147.2m
Epoch 2/3 step 13600/27791 loss=0.4324 elapsed=8348s eta_this_epoch=145.2m
Epoch 2/3 step 13800/27791 loss=0.4326 elapsed=8471s eta_this_epoch=143.1m
Epoch 2/3 step 14000/27791 loss=0.4322 elapsed=8594s eta_this_epoch=141.1m
Epoch 2/3 step 14200/27791 loss=0.4321 elapsed=8716s eta_this_epoch=139.0m
Epoch 2/3 step 14400/27791 loss=0.4319 elapsed=8839s eta_this_epoch=137.0m
Epoch 2/3 step 14600/27791 loss=0.4319 elapsed=8961s eta_this_epoch=134.9m
Epoch 2/3 step 14800/27791 loss=0.4320 elapsed=9084s eta_this_epoch=132.9m
Epoch 2/3 step 15000/27791 loss=0.4317 elapsed=9207s eta_this_epoch=130.8m
Epoch 2/3 step 15200/27791 loss=0.4316 elapsed=9329s eta_this_epoch=128.8m
Epoch 2/3 step 15400/27791 loss=0.4314 elapsed=9452s eta_this_epoch=126.8m
Epoch 2/3 step 15600/27791 loss=0.4313 elapsed=9575s eta_this_epoch=124.7m
Epoch 2/3 step 15800/27791 loss=0.4310 elapsed=9697s eta_this_epoch=122.7m
Epoch 2/3 step 16000/27791 loss=0.4311 elapsed=9820s eta_this_epoch=120.6m
Epoch 2/3 step 16200/27791 loss=0.4311 elapsed=9943s eta_this_epoch=118.6m
Epoch 2/3 step 16400/27791 loss=0.4311 elapsed=10065s eta_this_epoch=116.5m
Epoch 2/3 step 16600/27791 loss=0.4311 elapsed=10188s eta_this_epoch=114.5m
Epoch 2/3 step 16800/27791 loss=0.4311 elapsed=10311s eta_this_epoch=112.4m
Epoch 2/3 step 17000/27791 loss=0.4311 elapsed=10434s eta_this_epoch=110.4m
Epoch 2/3 step 17200/27791 loss=0.4310 elapsed=10557s eta_this_epoch=108.3m
Epoch 2/3 step 17400/27791 loss=0.4312 elapsed=10680s eta_this_epoch=106.3m
Epoch 2/3 step 17600/27791 loss=0.4311 elapsed=10802s eta_this_epoch=104.2m
Epoch 2/3 step 17800/27791 loss=0.4309 elapsed=10925s eta_this_epoch=102.2m
Epoch 2/3 step 18000/27791 loss=0.4308 elapsed=11048s eta_this_epoch=100.2m
Epoch 2/3 step 18200/27791 loss=0.4308 elapsed=11170s eta_this_epoch=98.1m
Epoch 2/3 step 18400/27791 loss=0.4308 elapsed=11293s eta_this_epoch=96.1m
Epoch 2/3 step 18600/27791 loss=0.4308 elapsed=11416s eta_this_epoch=94.0m
Epoch 2/3 step 18800/27791 loss=0.4309 elapsed=11538s eta_this_epoch=92.0m
Epoch 2/3 step 19000/27791 loss=0.4309 elapsed=11661s eta_this_epoch=89.9m
Epoch 2/3 step 19200/27791 loss=0.4308 elapsed=11783s eta_this_epoch=87.9m
Epoch 2/3 step 19400/27791 loss=0.4308 elapsed=11906s eta_this_epoch=85.8m
Epoch 2/3 step 19600/27791 loss=0.4309 elapsed=12028s eta_this_epoch=83.8m
Epoch 2/3 step 19800/27791 loss=0.4308 elapsed=12149s eta_this_epoch=81.7m
Epoch 2/3 step 20000/27791 loss=0.4307 elapsed=12271s eta_this_epoch=79.7m
Epoch 2/3 step 20200/27791 loss=0.4307 elapsed=12392s eta_this_epoch=77.6m
Epoch 2/3 step 20400/27791 loss=0.4305 elapsed=12513s eta_this_epoch=75.6m
Epoch 2/3 step 20600/27791 loss=0.4304 elapsed=12635s eta_this_epoch=73.5m
Epoch 2/3 step 20800/27791 loss=0.4304 elapsed=12758s eta_this_epoch=71.5m
Epoch 2/3 step 21000/27791 loss=0.4302 elapsed=12880s eta_this_epoch=69.4m
Epoch 2/3 step 21200/27791 loss=0.4300 elapsed=13002s eta_this_epoch=67.4m
Epoch 2/3 step 21400/27791 loss=0.4299 elapsed=13124s eta_this_epoch=65.3m
Epoch 2/3 step 21600/27791 loss=0.4300 elapsed=13245s eta_this_epoch=63.3m
Epoch 2/3 step 21800/27791 loss=0.4301 elapsed=13366s eta_this_epoch=61.2m
Epoch 2/3 step 22000/27791 loss=0.4299 elapsed=13487s eta_this_epoch=59.2m
Epoch 2/3 step 22200/27791 loss=0.4299 elapsed=13609s eta_this_epoch=57.1m
Epoch 2/3 step 22400/27791 loss=0.4297 elapsed=13732s eta_this_epoch=55.1m
Epoch 2/3 step 22600/27791 loss=0.4296 elapsed=13853s eta_this_epoch=53.0m
Epoch 2/3 step 22800/27791 loss=0.4296 elapsed=13975s eta_this_epoch=51.0m
Epoch 2/3 step 23000/27791 loss=0.4296 elapsed=14098s eta_this_epoch=48.9m
Epoch 2/3 step 23200/27791 loss=0.4296 elapsed=14220s eta_this_epoch=46.9m
Epoch 2/3 step 23400/27791 loss=0.4295 elapsed=14341s eta_this_epoch=44.9m
Epoch 2/3 step 23600/27791 loss=0.4295 elapsed=14463s eta_this_epoch=42.8m
Epoch 2/3 step 23800/27791 loss=0.4293 elapsed=14584s eta_this_epoch=40.8m
Epoch 2/3 step 24000/27791 loss=0.4292 elapsed=14706s eta_this_epoch=38.7m
Epoch 2/3 step 24200/27791 loss=0.4292 elapsed=14828s eta_this_epoch=36.7m
Epoch 2/3 step 24400/27791 loss=0.4291 elapsed=14950s eta_this_epoch=34.6m
Epoch 2/3 step 24600/27791 loss=0.4289 elapsed=15072s eta_this_epoch=32.6m
Epoch 2/3 step 24800/27791 loss=0.4287 elapsed=15193s eta_this_epoch=30.5m
Epoch 2/3 step 25000/27791 loss=0.4287 elapsed=15315s eta_this_epoch=28.5m
Epoch 2/3 step 25200/27791 loss=0.4286 elapsed=15437s eta_this_epoch=26.5m
Epoch 2/3 step 25400/27791 loss=0.4286 elapsed=15559s eta_this_epoch=24.4m
Epoch 2/3 step 25600/27791 loss=0.4285 elapsed=15681s eta_this_epoch=22.4m
Epoch 2/3 step 25800/27791 loss=0.4284 elapsed=15803s eta_this_epoch=20.3m
Epoch 2/3 step 26000/27791 loss=0.4283 elapsed=15925s eta_this_epoch=18.3m
Epoch 2/3 step 26200/27791 loss=0.4283 elapsed=16047s eta_this_epoch=16.2m
Epoch 2/3 step 26400/27791 loss=0.4283 elapsed=16168s eta_this_epoch=14.2m
Epoch 2/3 step 26600/27791 loss=0.4283 elapsed=16290s eta_this_epoch=12.2m
Epoch 2/3 step 26800/27791 loss=0.4282 elapsed=16411s eta_this_epoch=10.1m
Epoch 2/3 step 27000/27791 loss=0.4281 elapsed=16532s eta_this_epoch=8.1m
Epoch 2/3 step 27200/27791 loss=0.4280 elapsed=16653s eta_this_epoch=6.0m
Epoch 2/3 step 27400/27791 loss=0.4282 elapsed=16775s eta_this_epoch=4.0m
Epoch 2/3 step 27600/27791 loss=0.4281 elapsed=16896s eta_this_epoch=1.9m
Epoch 2/3 training done in 17011s, running validation...
Epoch 2/3 VALIDATION {'accuracy': 0.7996584999060091, 'precision': 0.7269746646795827, 'recall': 0.4215347390252333, 'f1': 0.5336396455530029, 'roc_auc': 0.8148729270057044, 'average_precision': 0.6603075325730856, 'brier_score': 0.14514679454544732, 'confusion_matrix': [[43730, 2748], [10041, 7317]]}
=== Epoch 2/3 complete and saved. Stopping (one epoch per invocation). ===
