Loaded plot summaries for 1572 movies (PLOT_MAX=224, REVIEW_MAX=285)
Starting fresh from pretrained base checkpoint.
=== Epoch 1/3 starting, 27791 steps ===
Epoch 1/3 step 200/27791 loss=0.6945 elapsed=138s eta_this_epoch=317.0m
Epoch 1/3 step 400/27791 loss=0.6744 elapsed=263s eta_this_epoch=299.7m
Epoch 1/3 step 600/27791 loss=0.6438 elapsed=387s eta_this_epoch=292.6m
Epoch 1/3 step 800/27791 loss=0.6258 elapsed=512s eta_this_epoch=287.9m
Epoch 1/3 step 1000/27791 loss=0.6150 elapsed=637s eta_this_epoch=284.3m
Epoch 1/3 step 1200/27791 loss=0.6036 elapsed=761s eta_this_epoch=281.2m
Epoch 1/3 step 1400/27791 loss=0.5953 elapsed=886s eta_this_epoch=278.4m
Epoch 1/3 step 1600/27791 loss=0.5873 elapsed=1011s eta_this_epoch=275.7m
Epoch 1/3 step 1800/27791 loss=0.5818 elapsed=1135s eta_this_epoch=273.3m
Epoch 1/3 step 2000/27791 loss=0.5778 elapsed=1260s eta_this_epoch=270.8m
Epoch 1/3 step 2200/27791 loss=0.5732 elapsed=1385s eta_this_epoch=268.4m
Epoch 1/3 step 2400/27791 loss=0.5689 elapsed=1509s eta_this_epoch=266.1m
Epoch 1/3 step 2600/27791 loss=0.5638 elapsed=1634s eta_this_epoch=263.8m
Epoch 1/3 step 2800/27791 loss=0.5617 elapsed=1758s eta_this_epoch=261.6m
Epoch 1/3 step 3000/27791 loss=0.5581 elapsed=1883s eta_this_epoch=259.3m
Epoch 1/3 step 3200/27791 loss=0.5542 elapsed=2008s eta_this_epoch=257.2m
Epoch 1/3 step 3400/27791 loss=0.5514 elapsed=2132s eta_this_epoch=255.0m
Epoch 1/3 step 3600/27791 loss=0.5486 elapsed=2257s eta_this_epoch=252.8m
Epoch 1/3 step 3800/27791 loss=0.5465 elapsed=2382s eta_this_epoch=250.6m
Epoch 1/3 step 4000/27791 loss=0.5449 elapsed=2506s eta_this_epoch=248.4m
Epoch 1/3 step 4200/27791 loss=0.5431 elapsed=2631s eta_this_epoch=246.3m
Epoch 1/3 step 4400/27791 loss=0.5407 elapsed=2755s eta_this_epoch=244.1m
Epoch 1/3 step 4600/27791 loss=0.5386 elapsed=2880s eta_this_epoch=242.0m
Epoch 1/3 step 4800/27791 loss=0.5369 elapsed=3005s eta_this_epoch=239.9m
Epoch 1/3 step 5000/27791 loss=0.5352 elapsed=3129s eta_this_epoch=237.7m
Epoch 1/3 step 5200/27791 loss=0.5333 elapsed=3254s eta_this_epoch=235.6m
Epoch 1/3 step 5400/27791 loss=0.5319 elapsed=3379s eta_this_epoch=233.5m
Epoch 1/3 step 5600/27791 loss=0.5312 elapsed=3504s eta_this_epoch=231.4m
Epoch 1/3 step 5800/27791 loss=0.5297 elapsed=3629s eta_this_epoch=229.3m
Epoch 1/3 step 6000/27791 loss=0.5289 elapsed=3753s eta_this_epoch=227.2m
Epoch 1/3 step 6200/27791 loss=0.5274 elapsed=3878s eta_this_epoch=225.1m
Epoch 1/3 step 6400/27791 loss=0.5265 elapsed=4003s eta_this_epoch=223.0m
Epoch 1/3 step 6600/27791 loss=0.5256 elapsed=4127s eta_this_epoch=220.9m
Epoch 1/3 step 6800/27791 loss=0.5248 elapsed=4252s eta_this_epoch=218.7m
Epoch 1/3 step 7000/27791 loss=0.5237 elapsed=4376s eta_this_epoch=216.6m
Epoch 1/3 step 7200/27791 loss=0.5225 elapsed=4500s eta_this_epoch=214.5m
Epoch 1/3 step 7400/27791 loss=0.5214 elapsed=4625s eta_this_epoch=212.4m
Epoch 1/3 step 7600/27791 loss=0.5203 elapsed=4749s eta_this_epoch=210.3m
Epoch 1/3 step 7800/27791 loss=0.5196 elapsed=4874s eta_this_epoch=208.2m
Epoch 1/3 step 8000/27791 loss=0.5189 elapsed=4998s eta_this_epoch=206.1m
Epoch 1/3 step 8200/27791 loss=0.5181 elapsed=5122s eta_this_epoch=204.0m
Epoch 1/3 step 8400/27791 loss=0.5173 elapsed=5247s eta_this_epoch=201.9m
Epoch 1/3 step 8600/27791 loss=0.5168 elapsed=5371s eta_this_epoch=199.8m
Epoch 1/3 step 8800/27791 loss=0.5160 elapsed=5496s eta_this_epoch=197.7m
Epoch 1/3 step 9000/27791 loss=0.5153 elapsed=5620s eta_this_epoch=195.6m
Epoch 1/3 step 9200/27791 loss=0.5147 elapsed=5745s eta_this_epoch=193.5m
Epoch 1/3 step 9400/27791 loss=0.5142 elapsed=5869s eta_this_epoch=191.4m
Epoch 1/3 step 9600/27791 loss=0.5136 elapsed=5993s eta_this_epoch=189.3m
Epoch 1/3 step 9800/27791 loss=0.5130 elapsed=6118s eta_this_epoch=187.2m
Epoch 1/3 step 10000/27791 loss=0.5122 elapsed=6242s eta_this_epoch=185.1m
Epoch 1/3 step 10200/27791 loss=0.5114 elapsed=6366s eta_this_epoch=183.0m
Epoch 1/3 step 10400/27791 loss=0.5107 elapsed=6491s eta_this_epoch=180.9m
Epoch 1/3 step 10600/27791 loss=0.5101 elapsed=6615s eta_this_epoch=178.8m
Epoch 1/3 step 10800/27791 loss=0.5097 elapsed=6740s eta_this_epoch=176.7m
Epoch 1/3 step 11000/27791 loss=0.5095 elapsed=6864s eta_this_epoch=174.6m
Epoch 1/3 step 11200/27791 loss=0.5090 elapsed=6988s eta_this_epoch=172.5m
Epoch 1/3 step 11400/27791 loss=0.5083 elapsed=7113s eta_this_epoch=170.4m
Epoch 1/3 step 11600/27791 loss=0.5078 elapsed=7237s eta_this_epoch=168.4m
Epoch 1/3 step 11800/27791 loss=0.5074 elapsed=7362s eta_this_epoch=166.3m
Epoch 1/3 step 12000/27791 loss=0.5072 elapsed=7487s eta_this_epoch=164.2m
Epoch 1/3 step 12200/27791 loss=0.5067 elapsed=7612s eta_this_epoch=162.1m
Epoch 1/3 step 12400/27791 loss=0.5062 elapsed=7737s eta_this_epoch=160.0m
Epoch 1/3 step 12600/27791 loss=0.5057 elapsed=7861s eta_this_epoch=158.0m
Epoch 1/3 step 12800/27791 loss=0.5052 elapsed=7986s eta_this_epoch=155.9m
Epoch 1/3 step 13000/27791 loss=0.5047 elapsed=8111s eta_this_epoch=153.8m
Epoch 1/3 step 13200/27791 loss=0.5039 elapsed=8236s eta_this_epoch=151.7m
Epoch 1/3 step 13400/27791 loss=0.5037 elapsed=8360s eta_this_epoch=149.6m
Epoch 1/3 step 13600/27791 loss=0.5034 elapsed=8485s eta_this_epoch=147.6m
Epoch 1/3 step 13800/27791 loss=0.5030 elapsed=8608s eta_this_epoch=145.5m
Epoch 1/3 step 14000/27791 loss=0.5027 elapsed=8731s eta_this_epoch=143.3m
Epoch 1/3 step 14200/27791 loss=0.5024 elapsed=8854s eta_this_epoch=141.2m
Epoch 1/3 step 14400/27791 loss=0.5019 elapsed=8977s eta_this_epoch=139.1m
Epoch 1/3 step 14600/27791 loss=0.5016 elapsed=9099s eta_this_epoch=137.0m
Epoch 1/3 step 14800/27791 loss=0.5011 elapsed=9221s eta_this_epoch=134.9m
Epoch 1/3 step 15000/27791 loss=0.5008 elapsed=9343s eta_this_epoch=132.8m
Epoch 1/3 step 15200/27791 loss=0.5003 elapsed=9466s eta_this_epoch=130.7m
Epoch 1/3 step 15400/27791 loss=0.4998 elapsed=9588s eta_this_epoch=128.6m
Epoch 1/3 step 15600/27791 loss=0.4993 elapsed=9710s eta_this_epoch=126.5m
Epoch 1/3 step 15800/27791 loss=0.4990 elapsed=9832s eta_this_epoch=124.4m
Epoch 1/3 step 16000/27791 loss=0.4987 elapsed=9954s eta_this_epoch=122.3m
Epoch 1/3 step 16200/27791 loss=0.4983 elapsed=10077s eta_this_epoch=120.2m
Epoch 1/3 step 16400/27791 loss=0.4981 elapsed=10199s eta_this_epoch=118.1m
Epoch 1/3 step 16600/27791 loss=0.4979 elapsed=10321s eta_this_epoch=116.0m
Epoch 1/3 step 16800/27791 loss=0.4975 elapsed=10444s eta_this_epoch=113.9m
Epoch 1/3 step 17000/27791 loss=0.4972 elapsed=10566s eta_this_epoch=111.8m
Epoch 1/3 step 17200/27791 loss=0.4968 elapsed=10688s eta_this_epoch=109.7m
Epoch 1/3 step 17400/27791 loss=0.4965 elapsed=10810s eta_this_epoch=107.6m
Epoch 1/3 step 17600/27791 loss=0.4963 elapsed=10932s eta_this_epoch=105.5m
Epoch 1/3 step 17800/27791 loss=0.4959 elapsed=11054s eta_this_epoch=103.4m
Epoch 1/3 step 18000/27791 loss=0.4953 elapsed=11176s eta_this_epoch=101.3m
Epoch 1/3 step 18200/27791 loss=0.4949 elapsed=11298s eta_this_epoch=99.2m
Epoch 1/3 step 18400/27791 loss=0.4945 elapsed=11421s eta_this_epoch=97.1m
Epoch 1/3 step 18600/27791 loss=0.4942 elapsed=11543s eta_this_epoch=95.1m
Epoch 1/3 step 18800/27791 loss=0.4939 elapsed=11665s eta_this_epoch=93.0m
Epoch 1/3 step 19000/27791 loss=0.4938 elapsed=12406s eta_this_epoch=95.7m
Epoch 1/3 step 19200/27791 loss=0.4932 elapsed=13017s eta_this_epoch=97.1m
Epoch 1/3 step 19400/27791 loss=0.4929 elapsed=13142s eta_this_epoch=94.7m
Epoch 1/3 step 19600/27791 loss=0.4925 elapsed=13268s eta_this_epoch=92.4m
Epoch 1/3 step 19800/27791 loss=0.4923 elapsed=13391s eta_this_epoch=90.1m
Epoch 1/3 step 20000/27791 loss=0.4921 elapsed=13514s eta_this_epoch=87.7m
Epoch 1/3 step 20200/27791 loss=0.4918 elapsed=13636s eta_this_epoch=85.4m
Epoch 1/3 step 20400/27791 loss=0.4917 elapsed=13759s eta_this_epoch=83.1m
Epoch 1/3 step 20600/27791 loss=0.4913 elapsed=13881s eta_this_epoch=80.8m
Epoch 1/3 step 20800/27791 loss=0.4911 elapsed=14003s eta_this_epoch=78.4m
Epoch 1/3 step 21000/27791 loss=0.4909 elapsed=14126s eta_this_epoch=76.1m
Epoch 1/3 step 21200/27791 loss=0.4907 elapsed=14248s eta_this_epoch=73.8m
Epoch 1/3 step 21400/27791 loss=0.4906 elapsed=14371s eta_this_epoch=71.5m
Epoch 1/3 step 21600/27791 loss=0.4902 elapsed=14495s eta_this_epoch=69.2m
Epoch 1/3 step 21800/27791 loss=0.4900 elapsed=14619s eta_this_epoch=67.0m
Epoch 1/3 step 22000/27791 loss=0.4898 elapsed=14742s eta_this_epoch=64.7m
Epoch 1/3 step 22200/27791 loss=0.4896 elapsed=14866s eta_this_epoch=62.4m
Epoch 1/3 step 22400/27791 loss=0.4894 elapsed=14989s eta_this_epoch=60.1m
Epoch 1/3 step 22600/27791 loss=0.4891 elapsed=15113s eta_this_epoch=57.9m
Epoch 1/3 step 22800/27791 loss=0.4890 elapsed=16172s eta_this_epoch=59.0m
Epoch 1/3 step 23000/27791 loss=0.4889 elapsed=16297s eta_this_epoch=56.6m
Epoch 1/3 step 23200/27791 loss=0.4886 elapsed=16422s eta_this_epoch=54.2m
Epoch 1/3 step 23400/27791 loss=0.4885 elapsed=16545s eta_this_epoch=51.7m
Epoch 1/3 step 23600/27791 loss=0.4884 elapsed=16668s eta_this_epoch=49.3m
Epoch 1/3 step 23800/27791 loss=0.4881 elapsed=16791s eta_this_epoch=46.9m
Epoch 1/3 step 24000/27791 loss=0.4878 elapsed=16915s eta_this_epoch=44.5m
Epoch 1/3 step 24200/27791 loss=0.4877 elapsed=17039s eta_this_epoch=42.1m
Epoch 1/3 step 24400/27791 loss=0.4874 elapsed=17163s eta_this_epoch=39.8m
Epoch 1/3 step 24600/27791 loss=0.4874 elapsed=17287s eta_this_epoch=37.4m
Epoch 1/3 step 24800/27791 loss=0.4872 elapsed=17411s eta_this_epoch=35.0m
Epoch 1/3 step 25000/27791 loss=0.4871 elapsed=17539s eta_this_epoch=32.6m
Epoch 1/3 step 25200/27791 loss=0.4867 elapsed=17664s eta_this_epoch=30.3m
Epoch 1/3 step 25400/27791 loss=0.4864 elapsed=17787s eta_this_epoch=27.9m
Epoch 1/3 step 25600/27791 loss=0.4863 elapsed=17912s eta_this_epoch=25.5m
Epoch 1/3 step 25800/27791 loss=0.4861 elapsed=18036s eta_this_epoch=23.2m
Epoch 1/3 step 26000/27791 loss=0.4859 elapsed=18160s eta_this_epoch=20.8m
Epoch 1/3 step 26200/27791 loss=0.4857 elapsed=18284s eta_this_epoch=18.5m
Epoch 1/3 step 26400/27791 loss=0.4855 elapsed=18408s eta_this_epoch=16.2m
Epoch 1/3 step 26600/27791 loss=0.4852 elapsed=18532s eta_this_epoch=13.8m
Epoch 1/3 step 26800/27791 loss=0.4848 elapsed=18655s eta_this_epoch=11.5m
Epoch 1/3 step 27000/27791 loss=0.4847 elapsed=18907s eta_this_epoch=9.2m
Epoch 1/3 step 27200/27791 loss=0.4845 elapsed=19034s eta_this_epoch=6.9m
Epoch 1/3 step 27400/27791 loss=0.4843 elapsed=19160s eta_this_epoch=4.6m
Epoch 1/3 step 27600/27791 loss=0.4842 elapsed=19285s eta_this_epoch=2.2m
Epoch 1/3 training done in 19404s, running validation...
Epoch 1/3 VALIDATION {'accuracy': 0.7653831693715145, 'precision': 0.572782295041878, 'recall': 0.5397511234013135, 'f1': 0.5557763606703248, 'roc_auc': 0.7876940773656943, 'average_precision': 0.5991080778871305, 'brier_score': 0.1596936278775651, 'confusion_matrix': [[39490, 6988], [7989, 9369]]}
New best model saved to /Users/ishaanhanda/Desktop/Projects/spoilerDetect/models/minilm-full-plot/best (f1=0.5558)
=== Epoch 1/3 complete and saved. Stopping (one epoch per invocation). ===
