Prepared 94 paired development examples.
alone 1 / 94
rag 1 / 94
alone 2 / 94
rag 2 / 94
alone 3 / 94
rag 3 / 94
alone 4 / 94
rag 4 / 94
alone 5 / 94
rag 5 / 94
alone 6 / 94
rag 6 / 94
alone 7 / 94
rag 7 / 94
alone 8 / 94
rag 8 / 94
alone 9 / 94
rag 9 / 94
alone 10 / 94
rag 10 / 94
alone 11 / 94
rag 11 / 94
alone 12 / 94
rag 12 / 94
alone 13 / 94
rag 13 / 94
alone 14 / 94
rag 14 / 94
alone 15 / 94
rag 15 / 94
alone 16 / 94
rag 16 / 94
alone 17 / 94
Prepared 94 paired development examples.
rag 17 / 94
alone 18 / 94
rag 18 / 94
alone 19 / 94
rag 19 / 94
alone 20 / 94
rag 20 / 94
alone 21 / 94
rag 21 / 94
alone 22 / 94
rag 22 / 94
alone 23 / 94
rag 23 / 94
alone 24 / 94
rag 24 / 94
alone 25 / 94
rag 25 / 94
alone 26 / 94
rag 26 / 94
alone 27 / 94
rag 27 / 94
alone 28 / 94
rag 28 / 94
alone 29 / 94
rag 29 / 94
alone 30 / 94
rag 30 / 94
alone 31 / 94
rag 31 / 94
alone 32 / 94
rag 32 / 94
alone 33 / 94
rag 33 / 94
alone 34 / 94
rag 34 / 94
alone 35 / 94
rag 35 / 94
alone 36 / 94
rag 36 / 94
alone 37 / 94
rag 37 / 94
alone 38 / 94
rag 38 / 94
alone 39 / 94
rag 39 / 94
alone 40 / 94
rag 40 / 94
alone 41 / 94
Rate-limit cooldown: 5.5 seconds
rag 41 / 94
alone 42 / 94
rag 42 / 94
alone 43 / 94
rag 43 / 94
alone 44 / 94
rag 44 / 94
alone 45 / 94
rag 45 / 94
alone 46 / 94
rag 46 / 94
alone 47 / 94
rag 47 / 94
Rate-limit cooldown: 11.5 seconds
alone 48 / 94
rag 48 / 94
Rate-limit cooldown: 2 seconds
alone 49 / 94
rag 49 / 94
alone 50 / 94
rag 50 / 94
Rate-limit cooldown: 7.5 seconds
alone 51 / 94
rag 51 / 94
Rate-limit cooldown: 2 seconds
alone 52 / 94
rag 52 / 94
alone 53 / 94
rag 53 / 94
alone 54 / 94
rag 54 / 94
alone 55 / 94
rag 55 / 94
alone 56 / 94
rag 56 / 94
alone 57 / 94
rag 57 / 94
Rate-limit cooldown: 2 seconds
alone 58 / 94
Rate-limit cooldown: 2.5 seconds
rag 58 / 94
alone 59 / 94
Rate-limit cooldown: 2 seconds
rag 59 / 94
alone 60 / 94
rag 60 / 94
Rate-limit cooldown: 2 seconds
alone 61 / 94
rag 61 / 94
Rate-limit cooldown: 2.5 seconds
Rate-limit cooldown: 22.5 seconds
alone 62 / 94
rag 62 / 94
alone 63 / 94
rag 63 / 94
alone 64 / 94
rag 64 / 94
alone 65 / 94
rag 65 / 94
alone 66 / 94
rag 66 / 94
alone 67 / 94
rag 67 / 94
alone 68 / 94
rag 68 / 94
alone 69 / 94
rag 69 / 94
alone 70 / 94
rag 70 / 94
alone 71 / 94
rag 71 / 94
alone 72 / 94
rag 72 / 94
alone 73 / 94
rag 73 / 94
alone 74 / 94
rag 74 / 94
alone 75 / 94
rag 75 / 94
alone 76 / 94
rag 76 / 94
alone 77 / 94
Rate-limit cooldown: 21.5 seconds
rag 77 / 94
alone 78 / 94
rag 78 / 94
alone 79 / 94
STOPPED: HTTP 400; saved answers retained; bounded short retries exhausted or unavailable; no paid fallback
